▲ Next.js 16.3.4 (Turbopack)
✓ Running next.config.mjs took 17ms
- Experiments (use with caution):
  · serverActions

  Creating an optimized production build ...
✓ Compiled successfully in 4.9s
  Running TypeScript ...
  Finished TypeScript in 8.4s ...
  Collecting page data using 11 workers ...
  Generating static pages using 11 workers (0/130) ...
  Generating static pages using 11 workers (32/130)
  Generating static pages using 11 workers (64/130)
  Generating static pages using 11 workers (97/130)
✓ Generating static pages using 11 workers (130/130) in 744ms
  Finalizing page optimization ...

Route (app)
┌ ○ /
├ ○ /_not-found
├ ƒ /api/comun/admin/archive/confirm-upload
├ ƒ /api/comun/admin/archive/delete-asset
├ ƒ /api/comun/admin/archive/private-read
├ ƒ /api/comun/admin/archive/upload-url
├ ƒ /api/comun/admin/radio/process
├ ƒ /api/comun/archive/contribution-intakes
├ ƒ /api/comun/archive/contribution-intakes/[protocol]
├ ƒ /api/comun/archive/oral-history-suggestions
├ ƒ /api/comun/archive/rights-removal
├ ƒ /api/comun/archive/submissions
├ ƒ /api/comun/archive/submissions/[id]/confirm
├ ƒ /api/comun/archive/submissions/[id]/upload-url
├ ƒ /api/comun/archive/suggestions
├ ƒ /api/comun/calcadas/intake
├ ƒ /api/comun/capture/telemetry
├ ƒ /api/comun/child-protection-channels
├ ƒ /api/comun/civic-forwarding/[...path]
├ ƒ /api/comun/civic-search
├ ƒ /api/comun/denuncias/mapa/cases
├ ƒ /api/comun/denuncias/public-projection-consent
├ ƒ /api/comun/education-channels
├ ƒ /api/comun/essential-services/[...path]
├ ƒ /api/comun/forwarding/[...path]
├ ƒ /api/comun/health-channels
├ ƒ /api/comun/observatories/[slug]/export
├ ƒ /api/comun/observatorios
├ ƒ /api/comun/observatorios/ambiente/qualidade-dos-rios
├ ƒ /api/comun/observatorios/calcadas
├ ƒ /api/comun/observatorios/panorama
├ ƒ /api/comun/observatorios/servicos-essenciais/energia
├ ƒ /api/comun/observatorios/servicos-essenciais/energia/interrupcoes
├ ƒ /api/comun/observatorios/territorio
├ ƒ /api/comun/observatorios/transporte
├ ƒ /api/comun/observatorios/transporte/linhas/[lineCode]
├ ƒ /api/comun/onibus/channels/stmu-preview
├ ƒ /api/comun/onibus/intake
├ ƒ /api/comun/onibus/lines
├ ƒ /api/comun/onibus/lines/[lineId]/timetable
├ ƒ /api/comun/onibus/observatory
├ ƒ /api/comun/onibus/stops
├ ƒ /api/comun/onibus/waiting-sessions
├ ƒ /api/comun/onibus/waiting-sessions/[sessionId]/create-relata
├ ƒ /api/comun/onibus/waiting-sessions/[sessionId]/events
├ ƒ /api/comun/onibus/waiting-sessions/current
├ ƒ /api/comun/participation-wallet
├ ƒ /api/comun/participation-wallet/[...path]
├ ƒ /api/comun/quality-metrics
├ ƒ /api/comun/quality-status
├ ƒ /api/comun/relata
├ ƒ /api/comun/relata/classification
├ ƒ /api/comun/relata/evidence
├ ƒ /api/comun/relata/evidence/attachments
├ ƒ /api/comun/relata/evidence/attachments/[attachmentId]
├ ƒ /api/comun/relata/evidence/attachments/[attachmentId]/finalize
├ ƒ /api/comun/relata/evidence/grouping
├ ƒ /api/comun/relata/evidence/location
├ ƒ /api/comun/relata/public/cases
├ ƒ /api/comun/relata/public/cases/[publicId]
├ ƒ /api/comun/relata/public/cases/[publicId]/confirm
├ ƒ /api/comun/relata/receipt
├ ƒ /api/comun/relata/sidewalk/finalize
├ ƒ /api/comun/sensitive-forwarding/[...path]
├ ƒ /api/comun/sidewalk-operational-diagnostic
├ ƒ /api/comun/sidewalk-relata/[...path]
├ ƒ /api/comun/stmu-assisted/[...path]
├ ƒ /api/comun/stmu-multichannel/[...path]
├ ƒ /api/comun/stmu-whatsapp/[...path]
├ ƒ /api/internal/archive-processing/health
├ ƒ /api/internal/archive-processing/run
├ ƒ /api/internal/security/storage-restore
├ ƒ /comun
├ ƒ /comun/acervo
├ ƒ /comun/acervo/[slug]
├ ƒ /comun/acervo/arte
├ ƒ /comun/acervo/arte/[slug]
├ ƒ /comun/acervo/arte/contribuir
├ ƒ /comun/acervo/arte/criadores/[slug]
├ ○ /comun/acervo/arte/direitos-e-retirada
├ ƒ /comun/acervo/artistas
├ ƒ /comun/acervo/artistas/[slug]
├ ƒ /comun/acervo/colecoes
├ ƒ /comun/acervo/colecoes/[slug]
├ ƒ /comun/acervo/contribuir
├ ○ /comun/acervo/contribuir/artista
├ ○ /comun/acervo/direitos-e-remocao
├ ƒ /comun/acervo/historias-orais
├ ƒ /comun/acervo/historias-orais/[slug]
├ ○ /comun/acervo/historias-orais/contribuir
├ ○ /comun/acervo/historias-orais/direitos-e-retirada
├ ƒ /comun/acervo/identificar
├ ƒ /comun/acervo/identificar/[slug]
├ ƒ /comun/acervo/musica
├ ƒ /comun/acervo/musica/[slug]
├ ƒ /comun/acoes
├ ƒ /comun/acoes/[slug]
├ ƒ /comun/acompanhar
├ ƒ /comun/acompanhar/[protocol]
├ ƒ /comun/acompanhar/[protocol]/ouvidoria
├ ƒ /comun/admin
├ ƒ /comun/admin/acervo
├ ƒ /comun/admin/acervo/[id]
├ ○ /comun/admin/acervo/arte
├ ƒ /comun/admin/acervo/arte/[id]
├ ƒ /comun/admin/acervo/arte/contribuicoes
├ ƒ /comun/admin/acervo/arte/contribuicoes/[id]
├ ○ /comun/admin/acervo/arte/creditos
├ ○ /comun/admin/acervo/arte/direitos
├ ○ /comun/admin/acervo/arte/novo
├ ƒ /comun/admin/acervo/artistas
├ ƒ /comun/admin/acervo/artistas/[id]
├ ƒ /comun/admin/acervo/artistas/contribuicoes
├ ƒ /comun/admin/acervo/artistas/pendencias
├ ƒ /comun/admin/acervo/artistas/reivindicacoes
├ ƒ /comun/admin/acervo/colecoes
├ ƒ /comun/admin/acervo/contribuicoes
├ ƒ /comun/admin/acervo/contribuicoes/[id]
├ ƒ /comun/admin/acervo/historias-orais
├ ƒ /comun/admin/acervo/historias-orais/[id]
├ ƒ /comun/admin/acervo/historias-orais/consentimentos
├ ○ /comun/admin/acervo/historias-orais/novo
├ ƒ /comun/admin/acervo/historias-orais/piloto
├ ƒ /comun/admin/acervo/historias-orais/sugestoes
├ ƒ /comun/admin/acervo/historias-orais/sugestoes/[id]
├ ƒ /comun/admin/acervo/historias-orais/transcricoes
├ ƒ /comun/admin/acervo/historias-orais/transcricoes/trabalho
├ ƒ /comun/admin/acervo/identificacao
├ ƒ /comun/admin/acervo/identificacao/[id]
├ ƒ /comun/admin/acervo/musica/[id]
├ ƒ /comun/admin/acervo/musica/observabilidade
├ ○ /comun/admin/acervo/novo
├ ƒ /comun/admin/acervo/processamento
├ ƒ /comun/admin/acervo/processamento/[id]
├ ○ /comun/admin/acervo/processamento/dead-letter
├ ƒ /comun/admin/acervo/storage
├ ƒ /comun/admin/acervo/sugestoes
├ ƒ /comun/admin/acervo/verificacao
├ ƒ /comun/admin/acoes
├ ƒ /comun/admin/alertas
├ ƒ /comun/admin/anexos
├ ƒ /comun/admin/auditoria
├ ƒ /comun/admin/auth/callback
├ ƒ /comun/admin/calcadas
├ ƒ /comun/admin/calcadas/encaminhamentos/[id]
├ ƒ /comun/admin/calcadas/operacao
├ ƒ /comun/admin/calcadas/piloto
├ ƒ /comun/admin/calcadas/prioridade
├ ƒ /comun/admin/calcadas/relatos
├ ƒ /comun/admin/comunidades
├ ƒ /comun/admin/curadoria
├ ƒ /comun/admin/dossies
├ ƒ /comun/admin/dossies/[id]
├ ƒ /comun/admin/dossies/[id]/preview
├ ƒ /comun/admin/dossies/revisoes
├ ƒ /comun/admin/equipe
├ ƒ /comun/admin/lancamento
├ ƒ /comun/admin/login
├ ƒ /comun/admin/notificacoes
├ ƒ /comun/admin/observabilidade
├ ƒ /comun/admin/observatorios
├ ƒ /comun/admin/observatorios/[id]
├ ƒ /comun/admin/observatorios/[id]/campanhas/[campaignId]
├ ƒ /comun/admin/observatorios/[id]/campanhas/[campaignId]/acessos
├ ƒ /comun/admin/observatorios/[id]/campanhas/[campaignId]/prontidao
├ ƒ /comun/admin/observatorios/[id]/metodologia
├ ƒ /comun/admin/observatorios/[id]/metricas
├ ƒ /comun/admin/observatorios/[id]/observacoes
├ ƒ /comun/admin/operacao
├ ƒ /comun/admin/operacao/[id]
├ ƒ /comun/admin/operacao/superficies/[surface]
├ ƒ /comun/admin/organizacao
├ ƒ /comun/admin/organizacao/calendario
├ ƒ /comun/admin/organizacao/entrada
├ ƒ /comun/admin/organizacao/entrada/vincular
├ ○ /comun/admin/pautas
├ ƒ /comun/admin/pautas/[id]
├ ƒ /comun/admin/pautas/[id]/aplicativo
├ ƒ /comun/admin/pautas/contribuicoes
├ ƒ /comun/admin/protocolos-oficiais
├ ○ /comun/admin/radio
├ ○ /comun/admin/radio/consentimentos
├ ƒ /comun/admin/radio/contribuicoes
├ ƒ /comun/admin/radio/contribuicoes/[id]
├ ○ /comun/admin/radio/direitos
├ ○ /comun/admin/radio/episodios
├ ƒ /comun/admin/radio/episodios/[id]
├ ○ /comun/admin/radio/episodios/novo
├ ○ /comun/admin/radio/grade
├ ○ /comun/admin/radio/programas
├ ƒ /comun/admin/radio/programas/[id]
├ ○ /comun/admin/radio/programas/novo
├ ƒ /comun/admin/relatos
├ ƒ /comun/admin/relatos/[id]
├ ○ /comun/admin/rodas
├ ƒ /comun/admin/rodas/[id]
├ ƒ /comun/admin/territorio
├ ○ /comun/ajuda
├ ƒ /comun/arte
├ ƒ /comun/arte/[slug]
├ ƒ /comun/arte/colecoes/[slug]
├ ƒ /comun/arte/contribuir
├ ƒ /comun/arte/criadores/[slug]
├ ƒ /comun/arte/direitos-e-retirada
├ ƒ /comun/auth/callback
├ ƒ /comun/busca
├ ƒ /comun/buscar
├ ƒ /comun/c/[slug]
├ ƒ /comun/c/[slug]/agenda
├ ƒ /comun/c/[slug]/participar
├ ƒ /comun/caixa-de-entrada
├ ƒ /comun/calcadas
├ ƒ /comun/calcadas/contribuir
├ ƒ /comun/calcadas/mobilizacao
├ ƒ /comun/calcadas/pressao/[id]
├ ƒ /comun/calcadas/pressao/[id]/export
├ ƒ /comun/calcadas/prioridades
├ ƒ /comun/calcadas/registros/[slug]
├ ƒ /comun/calcadas/resultados
├ ○ /comun/campo
├ ƒ /comun/campo/turno
├ ƒ /comun/campo/turno/registrar
├ ƒ /comun/completar-conta
├ ƒ /comun/comunidades
├ ƒ /comun/conta
├ ƒ /comun/conta/privacidade
├ ƒ /comun/cooperativas
├ ƒ /comun/cooperativas/[slug]
├ ƒ /comun/cooperativas/[slug]/editar-perfil
├ ƒ /comun/cooperativas/[slug]/necessidades/[needSlug]/ajudar
├ ƒ /comun/cooperativas/[slug]/necessidades/[needSlug]/editar
├ ƒ /comun/cooperativas/[slug]/necessidades/nova
├ ƒ /comun/cooperativas/[slug]/ofertas/[offerSlug]/editar
├ ƒ /comun/cooperativas/[slug]/ofertas/[offerSlug]/interesse
├ ƒ /comun/cooperativas/[slug]/ofertas/nova
├ ƒ /comun/cooperativas/nova
├ ƒ /comun/cooperativas/nova/[onboardingToken]
├ ƒ /comun/criar-conta
├ ○ /comun/denuncias
├ ƒ /comun/denuncias/mapa
├ ƒ /comun/denuncias/problemas/[publicId]
├ ƒ /comun/dossies
├ ƒ /comun/dossies/[slug]
├ ƒ /comun/entrar
├ ƒ /comun/explorar
├ ƒ /comun/mapa
├ ƒ /comun/mapa/[slug]
├ ƒ /comun/mapa/contribuir
├ ƒ /comun/mapa/contribuir/confirmacao
├ ƒ /comun/minha-participacao
├ ƒ /comun/observatorios
├ ƒ /comun/observatorios/[slug]
├ ƒ /comun/observatorios/[slug]/acoes
├ ƒ /comun/observatorios/[slug]/campanhas/[campaignSlug]
├ ƒ /comun/observatorios/[slug]/campo/[campaignSlug]
├ ƒ /comun/observatorios/[slug]/dados
├ ƒ /comun/observatorios/[slug]/mapa
├ ƒ /comun/observatorios/[slug]/registrar
├ ƒ /comun/observatorios/ambiente
├ ƒ /comun/observatorios/ambiente/qualidade-dos-rios
├ ƒ /comun/observatorios/ambiente/qualidade-dos-rios/fontes
├ ƒ /comun/observatorios/calcadas
├ ƒ /comun/observatorios/panorama
├ ƒ /comun/observatorios/servicos-essenciais
├ ƒ /comun/observatorios/servicos-essenciais/energia
├ ƒ /comun/observatorios/servicos-essenciais/energia/fontes
├ ƒ /comun/observatorios/territorio
├ ƒ /comun/observatorios/territorio/fontes
├ ƒ /comun/observatorios/transporte
├ ƒ /comun/observatorios/transporte/fontes
├ ƒ /comun/observatorios/transporte/linhas/[lineCode]
├ ○ /comun/offline
├ ƒ /comun/onboarding
├ ƒ /comun/onibus
├ ƒ /comun/participar
├ ƒ /comun/participar/confirmacao
├ ƒ /comun/pautas
├ ƒ /comun/pautas/[slug]
├ ƒ /comun/pautas/[slug]/memoria/[memorySlug]
├ ƒ /comun/pautas/[slug]/registros/[recordSlug]
├ ƒ /comun/pautas/[slug]/rodas/[circleId]
├ ƒ /comun/pautas/nova
├ ƒ /comun/preview/esteira-politica
├ ƒ /comun/projetos
├ ƒ /comun/projetos/[slug]
├ ○ /comun/protocolo-popular
├ ƒ /comun/radio
├ ƒ /comun/radio/contribuir
├ ○ /comun/radio/direitos-e-consentimento
├ ƒ /comun/radio/episodios/[slug]
├ ○ /comun/radio/grade
├ ƒ /comun/radio/programas/[slug]
├ ƒ /comun/reciclagem
├ ○ /comun/recuperar-acesso
├ ○ /comun/redefinir-acesso
├ ○ /comun/relata
├ ○ /comun/relata/mapa
├ ○ /comun/relatar
├ ƒ /comun/relatar/confirmacao
├ ƒ /comun/resultados
├ ○ /comun/seguranca
├ ƒ /comun/territorio-tomado
├ ƒ /comun/territorios
├ ƒ /comun/territorios/[slug]
├ ○ /comun/transporte
└ ○ /manifest.webmanifest


ƒ Proxy (Middleware)

○  (Static)   prerendered as static content
ƒ  (Dynamic)  server-rendered on demand
