(!) Your Vite config uses features that are unsupported by `configLoader: 'native'`, which is planned to become the default in a future major version of Vite:
  - ESM syntax in a file loaded as CommonJS (vitest.config.ts:1:1). Use a `.mjs` extension or set `"type": "module"` in the closest package.json
Set `VITE_CONFIG_NATIVE_IGNORE_WARNING=true` to suppress this warning.

 RUN  v4.1.11 D:/COMUN-M0-R1-20260910

 ✓ lib/comun-city-panorama.test.ts (5 tests) 23ms
 ✓ lib/comun-environment-public-health-equipment.test.ts (11 tests) 486ms
 ✓ lib/collective-actions-admin.test.ts (3 tests) 5ms
 ✓ lib/popular-map-rules.test.ts (6 tests) 12ms
 ✓ lib/comun-relata-persistence.test.ts (4 tests) 6ms
 ✓ lib/comun-relata-evidence.test.ts (8 tests) 84ms
 ✓ lib/comun-environment-territorial-base.test.ts (11 tests) 245ms
 ✓ lib/comun-relata-public-projection.test.ts (5 tests) 6ms
 ✓ lib/sidewalk-vertical.test.ts (14 tests) 23ms
 ✓ lib/security/cron-auth.test.ts (3 tests) 5ms
 ✓ lib/sidewalk-photos.test.ts (1 test) 70ms
 ✓ lib/comun-observatory-sidewalk-adapter.test.ts (8 tests) 52ms
 ✓ lib/sidewalk-submission-readiness.test.ts (10 tests) 32ms
 ✓ lib/radio-actions.test.ts (6 tests) 24ms
 ✓ lib/radio-storage-routes.test.ts (17 tests) 25ms
 ✓ lib/archive/artwork-storage.test.ts (4 tests) 23ms
 ✓ lib/comun-relata-grouping-authority-route.test.ts (5 tests) 20ms
 ✓ lib/comun-power-interruptions-aneel.test.ts (5 tests) 17ms
 ✓ lib/comun/pauta-module-registry.test.ts (6 tests) 20ms
 ✓ lib/comun-essential-power-interruption-observatory-contract.test.ts (3 tests) 15ms
 ✓ lib/comun-sidewalk-observatory-contract.test.ts (7 tests) 15ms
 ✓ lib/comun-environment-public-social-assistance-equipment.test.ts (9 tests) 14ms
 ✓ lib/comun-pauta-cycle-memory.test.ts (10 tests) 12ms
 ✓ lib/observatory-rules.test.ts (8 tests) 9ms
 ✓ lib/comun-environment-hydrometeorology.test.ts (10 tests) 13ms
 ✓ lib/comun-essential-power-interruption-observatory.test.ts (5 tests) 12ms
 ✓ lib/comun-urban-routing-v3.test.ts (16 tests) 11ms
 ✓ lib/comun-health-service-routing-v1.test.ts (13 tests) 12ms
 ✓ lib/comun-cultural-progressive-rights.contract.test.ts (30 tests) 9ms
 ✓ lib/comun-education-service-routing-v1.test.ts (14 tests) 15ms
 ✓ lib/comun-p6c-b1-public-education-private-contract.test.ts (5 tests) 9ms
 ✓ lib/comun-relata-routing.test.ts (9 tests) 11ms
 ✓ lib/sidewalk-pilot.test.ts (7 tests) 9ms
 ✓ lib/comun-rodas-vivas.test.ts (17 tests) 12ms
 ✓ lib/comun-environment-surface-water-quality.test.ts (7 tests) 20ms
 ✓ lib/comun-solidarity-economy.test.ts (16 tests) 14ms
 ✓ lib/comun-transport-system-metrics.test.ts (5 tests) 12ms
 ✓ lib/comun-solidarity-economy-architecture.test.ts (10 tests) 13ms
 ✓ lib/comun-p6c-a-sus-private-contract.test.ts (5 tests) 9ms
 ✓ lib/comun-denuncias-public-evidence.test.ts (3 tests) 9ms
 ✓ lib/comun-environmental-routing-v2.test.ts (12 tests) 11ms
 ✓ lib/editorial-operation-personas.test.ts (17 tests) 13ms
 ✓ lib/comun-environment-public-equipment-contract.test.ts (11 tests) 15ms
 ✓ lib/comun-wallet-relata-action.test.ts (26 tests) 12ms
 ✓ lib/server/comun-denuncias-routing-guide.test.ts (5 tests) 18ms
 ✓ lib/civic-intelligence/intents.test.ts (3 tests) 12ms
 ✓ lib/comun-solidarity-organization-onboarding-contract.test.ts (12 tests) 9ms
 ✓ lib/sidewalk-operational-diagnostic-route.test.ts (4 tests) 12ms
 ✓ lib/sidewalk-pilot-rules.test.ts (32 tests) 10ms
 ✓ lib/comun-observatory.test.ts (10 tests) 12ms
 ✓ lib/comun-organization-bridges.test.ts (5 tests) 10ms
 ✓ lib/comun-essential-services-data-contract.test.ts (6 tests) 8ms
 ✓ lib/comun-journey-context.test.ts (4 tests) 9ms
 ✓ lib/comun-shell-contract.test.ts (13 tests) 15ms
 ✓ lib/comun-collective-actions-canonical.test.ts (15 tests) 9ms
 ✓ lib/pauta-action-cycle.test.ts (9 tests) 9ms
 ✓ lib/comun-p6c-b2-child-protection-private-contract.test.ts (4 tests) 8ms
 ✓ lib/comun-admin-platform-contract.test.ts (4 tests) 10ms
 ✓ lib/comun-transport-programmed-network.test.ts (7 tests) 13ms
 ✓ lib/archive/cultural-curation-readiness.test.ts (16 tests) 14ms
 ✓ lib/comun-culture-memory-architecture.test.ts (10 tests) 10ms
 ✓ lib/comun-solidarity-organization-profile-contract.test.ts (10 tests) 8ms
 ✓ lib/comun-child-protection-routing-v1.test.ts (6 tests) 11ms
 ✓ lib/archive/music-curation-rules.test.ts (13 tests) 10ms
 ✓ lib/comun-water-data-contract.test.ts (7 tests) 11ms
 ✓ lib/comun-observatory-surface-water-contract.test.ts (2 tests) 10ms
 ✓ lib/comun-sensitive-forwarding-feature.test.ts (5 tests) 8ms
 ✓ lib/operational-queue.test.ts (4 tests) 10ms
 ✓ lib/radio.test.ts (7 tests) 11ms
 ✓ lib/comun-solidarity-economy-experience.test.ts (8 tests) 12ms
 ✓ lib/comun-observatory-surface-water.test.ts (2 tests) 11ms
 ✓ lib/comun-denuncias-map-readiness.test.ts (7 tests) 10ms
 ✓ lib/media-storage/supabase-local.test.ts (3 tests) 9ms
 ✓ lib/comun-pauta-low-friction.test.ts (9 tests) 11ms
 ✓ lib/comun-public-evidence.test.ts (4 tests) 10ms
 ✓ lib/cultural-deliverability.test.ts (7 tests) 7ms
 ✓ lib/comun-observatory-territorial-context.test.ts (3 tests) 11ms
 ✓ lib/comun-power-continuity-aneel.test.ts (5 tests) 9ms
 ✓ scripts/comun-local-reset-contract.test.mjs (7 tests) 9ms
 ✓ lib/comun-observatory-territorial-context-contract.test.ts (3 tests) 9ms
 ✓ lib/archive/cultural-curation-worklist.test.ts (18 tests) 10ms
 ✓ lib/community-return.test.ts (14 tests) 9ms
 ✓ lib/operational-adapters.test.ts (6 tests) 10ms
 ✓ lib/archive/oral-history-rules.test.ts (14 tests) 9ms
 ✓ lib/comun-city-panorama-contract.test.ts (3 tests) 11ms
 ✓ lib/comun-forwarding-experience.test.ts (22 tests) 9ms
 ✓ lib/comun-admin-navigation.test.ts (6 tests) 10ms
 ✓ lib/comun-sidewalk-observatory.test.ts (8 tests) 8ms
 ✓ lib/comun-social-architecture.test.ts (7 tests) 6ms
 ✓ lib/comun-p6b-b-contract.test.ts (5 tests) 8ms
 ✓ lib/comun-solidarity-organization-governance-contract.test.ts (8 tests) 8ms
 ✓ lib/sidewalk-upload-cleanup.test.ts (4 tests) 5ms
 ✓ lib/sidewalk-operational-release.test.ts (9 tests) 7ms
 ✓ lib/operational-surfaces.test.ts (2 tests) 9ms
 ✓ lib/comun-territory-profile.test.ts (3 tests) 4ms
 ✓ lib/archive/generic-publication-boundary.test.ts (15 tests) 8ms
 ✓ lib/comun-relata-photo-first.test.ts (4 tests) 7ms
 ✓ lib/comun-observatory-feature.test.ts (10 tests) 7ms
 ✓ lib/comun-solidarity-economic-content-contract.test.ts (8 tests) 8ms
 ✓ lib/comun-unified-relata-intake.test.ts (4 tests) 6ms
 ✓ lib/comun-solidarity-private-connections.test.ts (13 tests) 7ms
 ✓ lib/comun-p6b-a-environmental-contract.test.ts (5 tests) 7ms
 ✓ lib/comun-sidewalk-p4-operations.test.ts (3 tests) 5ms
 ✓ lib/comun-cultural-progressive-rights.test.ts (10 tests) 6ms
 ✓ lib/central-hub-rules.test.ts (6 tests) 6ms
 ✓ lib/comun-solidarity-organization-profile.test.ts (6 tests) 8ms
 ✓ lib/sidewalk-map-config.test.ts (6 tests) 7ms
 ✓ lib/sidewalk-exact-consent-contract.test.ts (4 tests) 5ms
 ✓ lib/comun-denuncias-public-opt-in.test.ts (6 tests) 6ms
 ✓ lib/comun-pauta-low-friction-contract.test.ts (7 tests) 6ms
 ✓ lib/archive/photo-processing-rules.test.ts (6 tests) 7ms
 ✓ lib/comun-48-6-adoption-03-post-report-motorola.test.ts (4 tests) 7ms
 ✓ lib/comun-launch-program.test.ts (6 tests) 6ms
 ✓ lib/comun-sidewalk-progressive-capture.test.ts (4 tests) 8ms
 ✓ lib/comun-relata-channels.test.ts (5 tests) 7ms
 ✓ lib/comun-p6c-c-sensitive-forwarding-contract.test.ts (4 tests) 6ms
 ✓ lib/comun-relata-evidence-feature.test.ts (6 tests) 7ms
 ✓ lib/historical-photo.test.ts (6 tests) 9ms
 ✓ lib/community-google-auth.test.ts (6 tests) 7ms
 ✓ lib/comun-collective-entity-consent.test.ts (5 tests) 6ms
 ✓ lib/media-storage/r2-waveform.test.ts (9 tests) 7ms
 ✓ lib/comun-participation-wallet-runtime.test.ts (2 tests) 6ms
 ✓ lib/comun-organization-bridges-contract.test.ts (5 tests) 6ms
 ✓ lib/comun-sidewalk-p4-migration.test.ts (4 tests) 6ms
 ✓ lib/comun-relata-preview.test.ts (2 tests) 6ms
 ✓ lib/editorial-operation.test.ts (4 tests) 5ms
 ✓ lib/archive/oral-history-pilot-rules.test.ts (8 tests) 7ms
 ✓ lib/archive/first-real-cultural-cycle-contract.test.ts (4 tests) 7ms
 ✓ lib/comun-solidarity-organization-governance.test.ts (4 tests) 5ms
 ✓ lib/experience-coherence.test.ts (3 tests) 7ms
 ✓ lib/comun-protocol.test.ts (2 tests) 5ms
 ✓ lib/miniapp-contract.test.ts (6 tests) 7ms
 ✓ lib/editorial-operation-backup.test.ts (2 tests) 6ms
 ✓ lib/community-administration.test.ts (8 tests) 7ms
 ✓ lib/comun-bus-timetable.test.ts (3 tests) 6ms
 ✓ lib/server/comun-health-institutional-channel-catalog.test.ts (3 tests) 6ms
 ✓ lib/radio-media-profile.test.ts (6 tests) 9ms
 ✓ lib/server/comun-child-protection-channel-catalog.test.ts (1 test) 7ms
 ✓ lib/archive/music-observability.test.ts (5 tests) 6ms
 ✓ lib/comun-experience.test.ts (5 tests) 7ms
 ✓ lib/server/comun-urban-incident-channel-catalog.test.ts (2 tests) 6ms
 ✓ lib/comun-bus-domain.test.ts (3 tests) 6ms
 ✓ lib/sidewalk-basemap-provider.test.ts (4 tests) 5ms
 ✓ lib/local-operational-performance.test.ts (4 tests) 6ms
 ✓ lib/media-storage/scopes.test.ts (3 tests) 9ms
 ✓ lib/media-storage/index.test.ts (6 tests) 6ms
 ✓ lib/comun-solidarity-economy-contract.test.ts (3 tests) 5ms
 ✓ lib/comun-essential-services-feature.test.ts (3 tests) 5ms
 ✓ lib/community-experience.test.ts (4 tests) 6ms
 ✓ lib/comun-sensitive-disclosure.test.ts (2 tests) 5ms
 ✓ lib/comun-motorola-source-contract.test.ts (4 tests) 5ms
 ✓ lib/admin-google-auth.test.ts (9 tests) 6ms
 ✓ lib/comun-cultural-specialized-provenance-a5-a1-contract.test.ts (5 tests) 6ms
 ✓ lib/comun-solidarity-private-connections-contract.test.ts (7 tests) 7ms
 ✓ lib/observation-campaign-rules.test.ts (3 tests) 8ms
 ✓ lib/server/comun-environmental-channel-catalog.test.ts (2 tests) 6ms
 ✓ lib/comun-entity-context.test.ts (2 tests) 4ms
 ✓ lib/public-content-readiness.test.ts (4 tests) 6ms
 ✓ lib/comun-cultural-handoff-contract.test.ts (6 tests) 5ms
 ✓ lib/comun-denuncias-followup.test.ts (6 tests) 8ms
 ✓ lib/server/comun-education-institutional-channel-catalog.test.ts (2 tests) 4ms
 ✓ lib/archive/local-music.test.ts (6 tests) 5ms
 ✓ lib/comun-b2-a1-contract.test.ts (2 tests) 6ms
 ✓ lib/comun-solidarity-economic-content.test.ts (5 tests) 6ms
 ✓ lib/server/comun-institutional-channel-catalog.test.ts (2 tests) 4ms
 ✓ lib/comun-pautas-vivas-contract.test.ts (4 tests) 6ms
 ✓ lib/comun-canonical-routes.test.ts (2 tests) 4ms
 ✓ lib/comun-layout-surface-contract.test.ts (2 tests) 7ms
 ✓ lib/comun-p6a-operations.test.ts (4 tests) 5ms
 ✓ lib/comun-bus-p5-contract.test.ts (2 tests) 5ms
 ✓ lib/comun-public-education-sensitive-feature.test.ts (1 test) 3ms
 ✓ lib/sidewalk-operational-loop.test.ts (3 tests) 6ms
 ✓ lib/comun-cultural-handoff-a3-contract.test.ts (4 tests) 5ms
 ✓ lib/comun-motorola-contract.test.ts (2 tests) 5ms
 ✓ lib/sidewalk-pressure-package.test.ts (2 tests) 5ms
 ✓ lib/sidewalk-operations.test.ts (3 tests) 5ms
 ✓ lib/comun-relata-privacy.test.ts (4 tests) 5ms
 ✓ lib/server/comun-sensitive-institutional-channel-catalog.test.ts (3 tests) 6ms
 ✓ lib/comun-relata-p3b-contract.test.ts (3 tests) 4ms
 ✓ lib/comun-fiscaliza-operational.test.ts (2 tests) 6ms
 ✓ lib/comun-civic-forwarding-feature.test.ts (3 tests) 5ms
 ✓ lib/comun-a1-migration-contract.test.ts (3 tests) 4ms
 ✓ lib/member-inbox-context.test.ts (2 tests) 4ms
 ✓ lib/archive/cultural-curation-desk-contract.test.ts (3 tests) 4ms
 ✓ lib/comun-cultural-private-materialization-a5-a2-contract.test.ts (5 tests) 7ms
 ✓ lib/comun/canonical-editorial-pautas.test.ts (7 tests) 5ms
 ✓ lib/comun-p5-operations.test.ts (4 tests) 5ms
 ✓ lib/community-experience-public-boundary.test.ts (2 tests) 4ms
 ✓ lib/archive/production-verification-rules.test.ts (4 tests) 5ms
 ✓ lib/comun-core-journeys-workflow-contract.test.ts (3 tests) 6ms
 ✓ lib/community-authorization.test.ts (2 tests) 6ms
 ✓ lib/archive/territorial-art.test.ts (4 tests) 5ms
 ✓ lib/volta-redonda-neighborhoods.test.ts (2 tests) 4ms
 ✓ lib/archive-identification-rules.test.ts (4 tests) 4ms
 ✓ lib/comun-sidewalk-relata-connection.test.ts (2 tests) 4ms
 ✓ lib/sidewalk-submission-progress.test.ts (3 tests) 5ms
 ✓ lib/comun-sidewalk-public-location.test.ts (2 tests) 4ms
 ✓ lib/comun-journey-status.test.ts (2 tests) 5ms
 ✓ lib/archive/worker-health.test.ts (2 tests) 4ms
 ✓ lib/comun-48-6-a3-contract.test.ts (4 tests) 5ms
 ✓ lib/archive/public-gates.test.ts (3 tests) 4ms
 ✓ lib/supabase/middleware-admin-auth.test.ts (6 tests) 5ms
 ✓ lib/quality-metric-origin.test.ts (3 tests) 5ms
 ✓ lib/comun-participation-wallet-feature.test.ts (3 tests) 5ms
 ✓ lib/comun-relata-state.test.ts (2 tests) 4ms
 ✓ lib/quality-performance.test.ts (3 tests) 4ms
 ✓ lib/comun-forwarding-feature.test.ts (3 tests) 4ms
 ✓ lib/community-signup-continuity.test.ts (3 tests) 6ms
 ✓ lib/comun-bus-p5-feature.test.ts (3 tests) 4ms
 ✓ lib/pilot-human-readiness.test.ts (2 tests) 4ms
 ✓ lib/editorial-operation-gate.test.ts (2 tests) 5ms
 ✓ lib/sidewalk-maplibre-style.test.ts (1 test) 5ms
 ✓ lib/operational-authorization.test.ts (4 tests) 6ms
 ✓ lib/comun-pwa-manifest.test.ts (1 test) 5ms
 ✓ lib/collective-actions-release-contract.test.ts (3 tests) 4ms
 ✓ lib/comun-relata-feature.test.ts (2 tests) 5ms
 ✓ lib/comun-relata-evidence-cleanup.test.ts (1 test) 5ms
 ✓ lib/community-registration.test.ts (1 test) 3ms
 ✓ lib/comun-sidewalk-p4-feature.test.ts (3 tests) 4ms
 ✓ lib/operational-responsibility.test.ts (4 tests) 4ms
 ✓ lib/comun-stmu-multichannel-feature.test.ts (2 tests) 4ms
 ✓ lib/comun-denuncias-public-map-feature.test.ts (2 tests) 4ms
 ✓ lib/community-auth-errors.test.ts (4 tests) 4ms
 ✓ lib/community-status.test.ts (2 tests) 4ms
 ✓ lib/comun-bus-feature.test.ts (2 tests) 4ms
 ✓ lib/comun-inbox-presentation.test.ts (2 tests) 5ms
 ✓ lib/comun-environmental-incidents-feature.test.ts (2 tests) 4ms
 ✓ lib/comun-capture-feature.test.ts (3 tests) 5ms
 ✓ lib/comun-public-health-sensitive-feature.test.ts (2 tests) 4ms
 ✓ lib/comun-stmu-whatsapp-feature.test.ts (2 tests) 4ms
 ✓ lib/comun-urban-incidents-feature.test.ts (2 tests) 4ms
 ✓ lib/media-storage/r2.test.ts (1 test) 6ms
 ✓ lib/comun-pwa.test.ts (1 test) 3ms
 ✓ lib/admin-access-state.test.ts (3 tests) 3ms
 ✓ lib/civic-intelligence/readiness.test.ts (2 tests) 3ms
 ✓ lib/pilot-go-no-go.test.ts (3 tests) 4ms
 ✓ lib/archive/cultural-curation-admin-contract.test.ts (2 tests) 4ms
 ✓ lib/comun-sidewalk-relata-feature.test.ts (2 tests) 3ms
 ✓ lib/editorial-operation-incidents.test.ts (2 tests) 4ms
 ✓ lib/comun-child-protection-feature.test.ts (1 test) 3ms

 Test Files  240 passed (240)
      Tests  1350 passed (1350)
   Start at  22:49:49
   Duration  59.83s (transform 3.41s, setup 0ms, import 16.06s, tests 2.78s, environment 30ms)
