
Running 23 tests using 1 worker

[1/23] [map-mobile] › tests\tijolo-45-real-map\real-map.spec.ts:3:5 › usa o PMTiles real canônico por HTTP Range sem cartografia demo
  1) [map-mobile] › tests\tijolo-45-real-map\real-map.spec.ts:3:5 › usa o PMTiles real canônico por HTTP Range sem cartografia demo

    Error: expect(received).toEqual(expected) // deep equality

    - Expected  - 1
    + Received  + 5

    - Array []
    + Array [
    +   "Failed to load resource: the server responded with a status of 403 (Forbidden)",
    +   "Failed to load resource: the server responded with a status of 403 (Forbidden)",
    +   "Failed to load resource: the server responded with a status of 403 (Forbidden)",
    + ]

      41 |     "conteúdo sintético",
      42 |   );
    > 43 |   expect(consoleErrors).toEqual([]);
         |                         ^
      44 |   await page.screenshot({
      45 |     path: testInfo.outputPath("visao-geral-real.png"),
      46 |     fullPage: false,
        at D:\COMUN-M0-R1-20260910\tests\tijolo-45-real-map\real-map.spec.ts:43:25

    Error Context: tmp\closure-browser-results\real-map-usa-o-PMTiles-rea-b9925--Range-sem-cartografia-demo-map-mobile\error-context.md

    attachment #2: trace (application/zip) ─────────────────────────────────────────────────────────
    tmp\closure-browser-results\real-map-usa-o-PMTiles-rea-b9925--Range-sem-cartografia-demo-map-mobile\trace.zip
    Usage:

        npx playwright show-trace tmp\closure-browser-results\real-map-usa-o-PMTiles-rea-b9925--Range-sem-cartografia-demo-map-mobile\trace.zip

    ────────────────────────────────────────────────────────────────────────────────────────────────


[2/23] [map-mobile] › tests\tijolo-45-real-map\real-map.spec.ts:50:5 › falha do PMTiles mantém a grade neutra e a lista, sem voltar à demo
[3/23] [map-mobile] › tests\tijolo-45-real-map\real-map.spec.ts:74:5 › envio de calçada permanece pausado sem uma fixture sintética
[4/23] [map-tablet] › tests\tijolo-45-real-map\real-map.spec.ts:3:5 › usa o PMTiles real canônico por HTTP Range sem cartografia demo
[5/23] [map-tablet] › tests\tijolo-45-real-map\real-map.spec.ts:50:5 › falha do PMTiles mantém a grade neutra e a lista, sem voltar à demo
[6/23] [map-tablet] › tests\tijolo-45-real-map\real-map.spec.ts:74:5 › envio de calçada permanece pausado sem uma fixture sintética
[7/23] [map-desktop] › tests\tijolo-45-real-map\real-map.spec.ts:3:5 › usa o PMTiles real canônico por HTTP Range sem cartografia demo
[8/23] [map-desktop] › tests\tijolo-45-real-map\real-map.spec.ts:50:5 › falha do PMTiles mantém a grade neutra e a lista, sem voltar à demo
[9/23] [map-desktop] › tests\tijolo-45-real-map\real-map.spec.ts:74:5 › envio de calçada permanece pausado sem uma fixture sintética
[10/23] [journey-mobile-390x844] › tests\core-journeys\core-journeys.spec.ts:26:5 › Participar abre Pautas em um passo e sem mutation
[11/23] [journey-mobile-390x844] › tests\core-journeys\core-journeys.spec.ts:43:5 › autenticação preserva intenção e bloqueia returnTo externo ou expirado
[12/23] [journey-mobile-390x844] › tests\core-journeys\core-journeys.spec.ts:81:5 › confirmação canônica oferece tracking, retorno claro e privacidade
[13/23] [journey-mobile-390x844] › tests\core-journeys\core-journeys.spec.ts:99:5 › Explorar preserva recorte e oferece fallback semântico para filtro inválido
[14/23] [journey-mobile-390x844] › tests\core-journeys\core-journeys.spec.ts:113:5 › Caixa protegida preserva experiência, origem e sessão expirada
[15/23] [journey-mobile-390x844] › tests\core-journeys\core-journeys.spec.ts:132:5 › offline, reduced motion, reflow e PWA mantêm orientação
[16/23] [journey-mobile-390x844] › tests\core-journeys\core-journeys.spec.ts:158:5 › @a11y roots e confirmação não têm violações sérias
[17/23] [journey-tablet-768x1024] › tests\core-journeys\core-journeys.spec.ts:26:5 › Participar abre Pautas em um passo e sem mutation
[18/23] [journey-tablet-768x1024] › tests\core-journeys\core-journeys.spec.ts:43:5 › autenticação preserva intenção e bloqueia returnTo externo ou expirado
[19/23] [journey-tablet-768x1024] › tests\core-journeys\core-journeys.spec.ts:81:5 › confirmação canônica oferece tracking, retorno claro e privacidade
[20/23] [journey-tablet-768x1024] › tests\core-journeys\core-journeys.spec.ts:99:5 › Explorar preserva recorte e oferece fallback semântico para filtro inválido
[21/23] [journey-tablet-768x1024] › tests\core-journeys\core-journeys.spec.ts:113:5 › Caixa protegida preserva experiência, origem e sessão expirada
[22/23] [journey-tablet-768x1024] › tests\core-journeys\core-journeys.spec.ts:132:5 › offline, reduced motion, reflow e PWA mantêm orientação
[23/23] [journey-tablet-768x1024] › tests\core-journeys\core-journeys.spec.ts:158:5 › @a11y roots e confirmação não têm violações sérias
  1 failed
    [map-mobile] › tests\tijolo-45-real-map\real-map.spec.ts:3:5 › usa o PMTiles real canônico por HTTP Range sem cartografia demo
  22 passed (47.0s)
